
> client@0.0.0 build
> vite build

[36mvite v8.0.1 [32mbuilding client environment for production...[36m[39m
[2K
transforming...Γ£ô 2371 modules transformed.
rendering chunks...
node.exe : [31mΓ£ù[39m 
Build failed in 644ms
At C:\Program 
Files\nodejs\npm.ps1:29 
char:3
+   & $NODE_EXE $NPM_CLI_JS 
$args
+   
~~~~~~~~~~~~~~~~~~~~~~~~~~~~~
    + CategoryInfo           
   : NotSpecified: ([31mΓ£  
  ù[39m Build failed in 6   
 44ms:String) [], RemoteE    
xception
    + FullyQualifiedErrorId  
   : NativeCommandError
 
[31merror during build:
[31mBuild failed with 1 
error:

[31m[MISSING_EXPORT] 
Error:[0m 
"getAdmittedPatients" is not 
exported by 
"src/services/api.js".
   [38;5;246mΓò¡[0m[38;5;2
46mΓöÇ[0m[38;5;246m[[0m sr
c/pages/Doctor/AdmittedPatien
ts.jsx:4:10 [38;5;246m][0m
   [38;5;246mΓöé[0m
 [38;5;246m4 Γöé[0m [38;5;
249mi[0m[38;5;249mm[0m[38
;5;249mp[0m[38;5;249mo[0m
[38;5;249mr[0m[38;5;249mt[
0m[38;5;249m [0m[38;5;249m
{[0m[38;5;249m [0mgetAdmit
tedPatients[38;5;249m,[0m[
38;5;249m [0m[38;5;249mg[0
m[38;5;249me[0m[38;5;249mt
[0m[38;5;249mD[0m[38;5;24
9mo[0m[38;5;249mc[0m[38;5
;249mt[0m[38;5;249mo[0m[3
8;5;249mr[0m[38;5;249ms[0m
[38;5;249m [0m[38;5;249m}
[0m[38;5;249m [0m[38;5;249
mf[0m[38;5;249mr[0m[38;5;
249mo[0m[38;5;249mm[0m[38
;5;249m [0m[38;5;249m"[0m
[38;5;249m.[0m[38;5;249m.[
0m[38;5;249m/[0m[38;5;249m
.[0m[38;5;249m.[0m[38;5;2
49m/[0m[38;5;249ms[0m[38;
5;249me[0m[38;5;249mr[0m[
38;5;249mv[0m[38;5;249mi[0
m[38;5;249mc[0m[38;5;249me
[0m[38;5;249ms[0m[38;5;24
9m/[0m[38;5;249ma[0m[38;5
;249mp[0m[38;5;249mi[0m[3
8;5;249m"[0m[38;5;249m;[0m
 [38;5;240m  Γöé[0m        
  ΓöÇΓöÇΓöÇΓöÇΓöÇΓöÇΓöÇΓöÇΓöÇ
Γö¼ΓöÇΓöÇΓöÇΓöÇΓöÇΓöÇΓöÇΓöÇΓö
Ç  
 [38;5;240m  Γöé[0m        
           Γò░ΓöÇΓöÇΓöÇΓöÇΓöÇ
ΓöÇΓöÇΓöÇΓöÇΓöÇΓöÇ Missing 
export
[38;5;246mΓöÇΓöÇΓöÇΓò»[0m
[31m
    at aggregateBindingErrors
IntoJsError (file:///C:/Users
/preya/OneDrive/Documents/Des
ktop/project/client/node_modu
les/rolldown/dist/shared/erro
r-BO4SlZV_.mjs:48:18)
    at unwrapBindingResult (f
ile:///C:/Users/preya/OneDriv
e/Documents/Desktop/project/c
lient/node_modules/rolldown/d
ist/shared/error-BO4SlZV_.mjs
:18:128)
    at #build (file:///C:/Use
rs/preya/OneDrive/Documents/D
esktop/project/client/node_mo
dules/rolldown/dist/shared/ro
lldown-build-yQC7KN8K.mjs:331
1:34)
    at async 
buildEnvironment (file:///C:/
Users/preya/OneDrive/Document
s/Desktop/project/client/node
_modules/vite/dist/node/chunk
s/node.js:32817:64)
    at async Object.build (fi
le:///C:/Users/preya/OneDrive
/Documents/Desktop/project/cl
ient/node_modules/vite/dist/n
ode/chunks/node.js:33239:19)
    at async Object.buildApp 
(file:///C:/Users/preya/OneDr
ive/Documents/Desktop/project
/client/node_modules/vite/dis
t/node/chunks/node.js:33236:1
53)
    at async CAC.<anonymous> 
(file:///C:/Users/preya/OneDr
ive/Documents/Desktop/project
/client/node_modules/vite/dis
t/node/cli.js:778:3) {
  errors: [Getter/Setter]
}[39m
